// Jest Snapshot v1, https://goo.gl/fbAQLP

exports[`OfferPage correctly renders after relaunch 1`] = `
<ul
  className="locations__list tabs__list"
>
  <li
    className="locations__item"
  >
    <a
      className="locations__item-link tabs__item tabs__item--active"
      href="#"
    >
      <span
        onClick={[MockFunction]}
      >
        Amsterdam
      </span>
    </a>
  </li>
  <li
    className="locations__item"
  >
    <a
      className="locations__item-link tabs__item "
      href="#"
    >
      <span
        onClick={[MockFunction]}
      >
        Cologne
      </span>
    </a>
  </li>
  <li
    className="locations__item"
  >
    <a
      className="locations__item-link tabs__item "
      href="#"
    >
      <span
        onClick={[MockFunction]}
      >
        Paris
      </span>
    </a>
  </li>
</ul>
`;
