// Jest Snapshot v1, https://goo.gl/fbAQLP

exports[`OfferList correctly renders after relaunch 1`] = `
<div
  className=""
>
  <div />
</div>
`;
