// Jest Snapshot v1, https://goo.gl/fbAQLP

exports[`BookmarkButton correctly renders after relaunch 1`] = `
<button
  className="css classes"
  disabled={false}
  onClick={[MockFunction]}
  type="button"
>
  <svg
    className="place-card__bookmark-icon"
    height="19"
    width="18"
  >
    <use
      xlinkHref="#icon-bookmark"
    />
  </svg>
  <span
    className="visually-hidden"
  >
    To bookmarks
  </span>
</button>
`;
