// Jest Snapshot v1, https://goo.gl/fbAQLP

exports[`ReviewItem correctly renders after relaunch 1`] = `
<li
  className="reviews__item"
>
  <div
    className="reviews__user user"
  >
    <div
      className="reviews__avatar-wrapper user__avatar-wrapper"
    >
      <img
        alt="Reviews avatar"
        className="reviews__avatar user__avatar"
        height="54"
        src=""
        width="54"
      />
    </div>
    <span
      className="reviews__user-name"
    >
      
    </span>
  </div>
  <div
    className="reviews__info"
  >
    <div
      className="reviews__rating rating"
    >
      <div
        className="reviews__stars rating__stars"
      >
        <span
          style={
            Object {
              "width": "NaN",
            }
          }
        />
        <span
          className="visually-hidden"
        >
          Rating
        </span>
      </div>
    </div>
    <p
      className="reviews__text"
    >
      
    </p>
    <time
      className="reviews__time"
      dateTime="2019-11-07T10:50:41.000Z"
    >
      Wed Nov 07 2001 00:00:00 GMT+0300 (GMT+03:00)
    </time>
  </div>
</li>
`;
