// Jest Snapshot v1, https://goo.gl/fbAQLP

exports[`Favorites correctly renders after relaunch 1`] = `
<div
  className="page"
>
  <div />
  <main
    className="page__main page__main--favorites"
  >
    <div
      className="page__favorites-container container"
    >
      <section
        className="favorites"
      >
        <h1
          className="favorites__title"
        >
          Saved listing
        </h1>
        <ul
          className="favorites__list"
        >
          <li
            className="favorites__locations-items"
          >
            <div
              className="favorites__locations locations "
            >
              <div
                className="locations__item"
              >
                <a
                  className="locations__item-link"
                  href="/"
                  onClick={[Function]}
                >
                  <span>
                    Paris
                  </span>
                </a>
              </div>
            </div>
            <div />
          </li>
        </ul>
      </section>
    </div>
  </main>
  <footer
    className="footer container"
  >
    <a
      className="footer__logo-link"
      href="main.html"
    >
      <img
        alt="6 cities logo"
        className="footer__logo"
        height="33"
        src="img/logo.svg"
        width="64"
      />
    </a>
  </footer>
</div>
`;
